bgp:
  as: 65000
input:
- topology/input/module-node-params.yml
- package:topology-defaults.yml
module:
- ospf
- bgp
- evpn
name: input
nodes:
- box: cisco/iosv
  device: iosv
  id: 1
  loopback:
    ipv4: 10.0.0.1/32
  mgmt:
    ifname: GigabitEthernet0/0
    ipv4: 192.168.121.101
    mac: 08-4F-A9-00-00-01
  module:
  - ospf
  name: r1
  ospf:
    area: 0.0.0.1
    id: 17
    process: 1
- bgp:
    as: 65000
  box: cisco/iosv
  device: iosv
  id: 2
  loopback:
    ipv4: 10.0.0.2/32
  mgmt:
    ifname: GigabitEthernet0/0
    ipv4: 192.168.121.102
    mac: 08-4F-A9-00-00-02
  module:
  - bgp
  - evpn
  name: r2
ospf:
  area: 0.0.0.0
  process: 1
provider: libvirt
